# file opened: C:\Users\luisx\OneDrive - UFV\curso2\AOC\ejerYpruebas\L34-Parte1\cargarPantalla.asm
 1    0000 CD 03 00         CALL CARGAR_PANTALLA
 2    0003
 3    0003              CARGAR_PANTALLA:
 4    0003 D5               PUSH DE
 4    0004 E5             PUSH HL
 4    0005 C5             PUSH BC
 4    0006 F5             PUSH AF
 5    0007 3E 00            LD A, 0 ; VALOR INICIAL DE A
 6    0009 D3 FE            OUT ($FE), A ; COLOREA EL MARCO DE LA PANTALLA NEGRO
 7    000B 11 00 40         LD DE, $4000
 8    000E 21 1B 00         LD HL, PANTALLA_INICIAL
 9    0011 01 00 1B         LD BC, $5B00 - $4000
10    0014
11    0014              CPANT_BUCLE:
12    0014 ED B0            LDIR
13    0016 F1               POP AF
13    0017 C1             POP BC
13    0018 E1             POP HL
13    0019 D1             POP DE
14    001A C9               RET
15    001B
16    001B              PANTALLA_INICIAL: INCBIN "connect4screen.SCR"
17    1B1B
# file closed: C:\Users\luisx\OneDrive - UFV\curso2\AOC\ejerYpruebas\L34-Parte1\cargarPantalla.asm
